<?xml version="1.0" encoding="utf-8"?>
<TestRun id="0a4764c2-28fe-4f8a-a18f-735918b9d1a5" name="User@DESKTOP-N67JM2A 2026-04-05 01:28:01" runUser="DESKTOP-N67JM2A\User" xmlns="http://microsoft.com/schemas/VisualStudio/TeamTest/2010">
  <Times creation="2026-04-05T01:28:01.3730414+01:00" queuing="2026-04-05T01:28:01.3730415+01:00" start="2026-04-05T01:28:00.9042224+01:00" finish="2026-04-05T01:28:01.3821047+01:00" />
  <TestSettings name="default" id="8a502b60-9d12-4628-9735-f5032fe0edc3">
    <Deployment runDeploymentRoot="User_DESKTOP-N67JM2A_2026-04-05_01_28_01" />
  </TestSettings>
  <Results>
    <UnitTestResult executionId="437f0e29-3d8d-477a-95d5-d5db02b1bb72" testId="6c948f4f-4367-a8ba-d027-a9dad3eabda3" testName="DetectionLogicTests.CleanProcess_ReturnsSafeVerdict" computerName="DESKTOP-N67JM2A" duration="00:00:00.0021352" startTime="2026-04-05T01:28:01.3087938+01:00" endTime="2026-04-05T01:28:01.3088382+01:00" testType="13cdc9d9-ddb5-4fa4-a97d-d965ccfc6d4b" outcome="Failed" testListId="8c84fa94-04c1-424b-9868-57a2d4851a1d" relativeResultsDirectory="437f0e29-3d8d-477a-95d5-d5db02b1bb72">
      <Output>
        <ErrorInfo>
          <Message>Assert.Contains() Failure: Filter not matched in collection&#xD;
Collection: ["[VERDICT] testprocess.exe (PID:1) → SAFE | Impact:"···, "  [suppressed] Process Exited Before Analysis: Pro"···]</Message>
          <StackTrace>   at DetectionLogicTests.CleanProcess_ReturnsSafeVerdict() in C:\Users\User\Documents\GitHub\Cyber-behaviour-profiling\CyberProfiler.Tests\BehaviorAnalyzerTests.cs:line 69&#xD;
   at System.Reflection.MethodBaseInvoker.InterpretedInvoke_Method(Object obj, IntPtr* args)&#xD;
   at System.Reflection.MethodBaseInvoker.InvokeWithNoArgs(Object obj, BindingFlags invokeAttr)</StackTrace>
        </ErrorInfo>
      </Output>
    </UnitTestResult>
    <UnitTestResult executionId="0d5352af-fc92-4dd4-99a3-7b2a59c2998a" testId="a7209ecc-0d42-5b35-d5e9-8f4f2c8fd34d" testName="DetectionLogicTests.AntiForensicCleanup_DetectsSuspiciousOrMalicious" computerName="DESKTOP-N67JM2A" duration="00:00:00.0273363" startTime="2026-04-05T01:28:01.2699759+01:00" endTime="2026-04-05T01:28:01.3053535+01:00" testType="13cdc9d9-ddb5-4fa4-a97d-d965ccfc6d4b" outcome="Failed" testListId="8c84fa94-04c1-424b-9868-57a2d4851a1d" relativeResultsDirectory="0d5352af-fc92-4dd4-99a3-7b2a59c2998a">
      <Output>
        <ErrorInfo>
          <Message>Assert.Contains() Failure: Filter not matched in collection&#xD;
Collection: ["[VERDICT] dropper.exe (PID:1) → SAFE | Impact: Saf"···, "  [suppressed] Process Exited Before Analysis: Pro"···]</Message>
          <StackTrace>   at DetectionLogicTests.AntiForensicCleanup_DetectsSuspiciousOrMalicious() in C:\Users\User\Documents\GitHub\Cyber-behaviour-profiling\CyberProfiler.Tests\BehaviorAnalyzerTests.cs:line 129&#xD;
   at System.Reflection.MethodBaseInvoker.InterpretedInvoke_Method(Object obj, IntPtr* args)&#xD;
   at System.Reflection.MethodBaseInvoker.InvokeWithNoArgs(Object obj, BindingFlags invokeAttr)</StackTrace>
        </ErrorInfo>
      </Output>
    </UnitTestResult>
    <UnitTestResult executionId="3c15624a-0a04-4a42-9b9d-079c5e27ecd4" testId="295a5b6a-558d-a2e4-9dfe-58d5358d1375" testName="AnomalyDetectorTests.SpikeAfterBaseline_DetectsAnomaly" computerName="DESKTOP-N67JM2A" duration="00:00:00.0065353" startTime="2026-04-05T01:28:01.2859523+01:00" endTime="2026-04-05T01:28:01.2859942+01:00" testType="13cdc9d9-ddb5-4fa4-a97d-d965ccfc6d4b" outcome="Passed" testListId="8c84fa94-04c1-424b-9868-57a2d4851a1d" relativeResultsDirectory="3c15624a-0a04-4a42-9b9d-079c5e27ecd4" />
    <UnitTestResult executionId="8882ce89-c1b1-41fc-8c23-7b26e95a9986" testId="31afe222-06fb-135d-189b-659cef563b0e" testName="DetectionLogicTests.ExfiltrationChain_DetectsMalicious" computerName="DESKTOP-N67JM2A" duration="00:00:00.0028584" startTime="2026-04-05T01:28:01.3091393+01:00" endTime="2026-04-05T01:28:01.3101550+01:00" testType="13cdc9d9-ddb5-4fa4-a97d-d965ccfc6d4b" outcome="Passed" testListId="8c84fa94-04c1-424b-9868-57a2d4851a1d" relativeResultsDirectory="8882ce89-c1b1-41fc-8c23-7b26e95a9986" />
    <UnitTestResult executionId="535ad3a8-2a9e-4d79-aa4e-ef1731d24b31" testId="3dc4207a-1c73-df6b-8316-912d9a456352" testName="DetectionLogicTests.SuspiciousProbes_ScoreIncreasesCorrectly" computerName="DESKTOP-N67JM2A" duration="00:00:00.0004160" startTime="2026-04-05T01:28:01.3112220+01:00" endTime="2026-04-05T01:28:01.3114967+01:00" testType="13cdc9d9-ddb5-4fa4-a97d-d965ccfc6d4b" outcome="Failed" testListId="8c84fa94-04c1-424b-9868-57a2d4851a1d" relativeResultsDirectory="535ad3a8-2a9e-4d79-aa4e-ef1731d24b31">
      <Output>
        <ErrorInfo>
          <Message>Assert.True() Failure&#xD;
Expected: True&#xD;
Actual:   False</Message>
          <StackTrace>   at DetectionLogicTests.SuspiciousProbes_ScoreIncreasesCorrectly() in C:\Users\User\Documents\GitHub\Cyber-behaviour-profiling\CyberProfiler.Tests\BehaviorAnalyzerTests.cs:line 149&#xD;
   at System.Reflection.MethodBaseInvoker.InterpretedInvoke_Method(Object obj, IntPtr* args)&#xD;
   at System.Reflection.MethodBaseInvoker.InvokeWithNoArgs(Object obj, BindingFlags invokeAttr)</StackTrace>
        </ErrorInfo>
      </Output>
    </UnitTestResult>
    <UnitTestResult executionId="62d780eb-500e-48e4-9fbd-bff00170a66a" testId="50dfea0f-bf6c-9595-32a0-d609b7e48568" testName="DetectionLogicTests.RansomwareActivity_DetectsHighSeverity" computerName="DESKTOP-N67JM2A" duration="00:00:00.0005984" startTime="2026-04-05T01:28:01.3103637+01:00" endTime="2026-04-05T01:28:01.3109904+01:00" testType="13cdc9d9-ddb5-4fa4-a97d-d965ccfc6d4b" outcome="Failed" testListId="8c84fa94-04c1-424b-9868-57a2d4851a1d" relativeResultsDirectory="62d780eb-500e-48e4-9fbd-bff00170a66a">
      <Output>
        <ErrorInfo>
          <Message>Assert.Equal() Failure: Values differ&#xD;
Expected: Malicious&#xD;
Actual:   Safe</Message>
          <StackTrace>   at DetectionLogicTests.RansomwareActivity_DetectsHighSeverity() in C:\Users\User\Documents\GitHub\Cyber-behaviour-profiling\CyberProfiler.Tests\BehaviorAnalyzerTests.cs:line 110&#xD;
   at System.Reflection.MethodBaseInvoker.InterpretedInvoke_Method(Object obj, IntPtr* args)&#xD;
   at System.Reflection.MethodBaseInvoker.InvokeWithNoArgs(Object obj, BindingFlags invokeAttr)</StackTrace>
        </ErrorInfo>
      </Output>
    </UnitTestResult>
    <UnitTestResult executionId="dd7d2a08-9f26-4769-9ff4-a6c1325b7a22" testId="c5447609-bcfd-b196-0d31-73695dd2e728" testName="AnomalyDetectorTests.SteadyBaseline_NoAnomaly" computerName="DESKTOP-N67JM2A" duration="00:00:00.0040270" startTime="2026-04-05T01:28:01.2708343+01:00" endTime="2026-04-05T01:28:01.2785275+01:00" testType="13cdc9d9-ddb5-4fa4-a97d-d965ccfc6d4b" outcome="Passed" testListId="8c84fa94-04c1-424b-9868-57a2d4851a1d" relativeResultsDirectory="dd7d2a08-9f26-4769-9ff4-a6c1325b7a22" />
  </Results>
  <TestDefinitions>
    <UnitTest name="AnomalyDetectorTests.SpikeAfterBaseline_DetectsAnomaly" storage="c:\users\user\documents\github\cyber-behaviour-profiling\cyberprofiler.tests\bin\debug\net10.0-windows\cyberprofiler.tests.dll" id="295a5b6a-558d-a2e4-9dfe-58d5358d1375">
      <Execution id="3c15624a-0a04-4a42-9b9d-079c5e27ecd4" />
      <TestMethod codeBase="C:\Users\User\Documents\GitHub\Cyber-behaviour-profiling\CyberProfiler.Tests\bin\Debug\net10.0-windows\CyberProfiler.Tests.dll" adapterTypeName="executor://xunit/VsTestRunner3/netcore/" className="AnomalyDetectorTests" name="SpikeAfterBaseline_DetectsAnomaly" />
    </UnitTest>
    <UnitTest name="DetectionLogicTests.RansomwareActivity_DetectsHighSeverity" storage="c:\users\user\documents\github\cyber-behaviour-profiling\cyberprofiler.tests\bin\debug\net10.0-windows\cyberprofiler.tests.dll" id="50dfea0f-bf6c-9595-32a0-d609b7e48568">
      <Execution id="62d780eb-500e-48e4-9fbd-bff00170a66a" />
      <TestMethod codeBase="C:\Users\User\Documents\GitHub\Cyber-behaviour-profiling\CyberProfiler.Tests\bin\Debug\net10.0-windows\CyberProfiler.Tests.dll" adapterTypeName="executor://xunit/VsTestRunner3/netcore/" className="DetectionLogicTests" name="RansomwareActivity_DetectsHighSeverity" />
    </UnitTest>
    <UnitTest name="DetectionLogicTests.CleanProcess_ReturnsSafeVerdict" storage="c:\users\user\documents\github\cyber-behaviour-profiling\cyberprofiler.tests\bin\debug\net10.0-windows\cyberprofiler.tests.dll" id="6c948f4f-4367-a8ba-d027-a9dad3eabda3">
      <Execution id="437f0e29-3d8d-477a-95d5-d5db02b1bb72" />
      <TestMethod codeBase="C:\Users\User\Documents\GitHub\Cyber-behaviour-profiling\CyberProfiler.Tests\bin\Debug\net10.0-windows\CyberProfiler.Tests.dll" adapterTypeName="executor://xunit/VsTestRunner3/netcore/" className="DetectionLogicTests" name="CleanProcess_ReturnsSafeVerdict" />
    </UnitTest>
    <UnitTest name="DetectionLogicTests.ExfiltrationChain_DetectsMalicious" storage="c:\users\user\documents\github\cyber-behaviour-profiling\cyberprofiler.tests\bin\debug\net10.0-windows\cyberprofiler.tests.dll" id="31afe222-06fb-135d-189b-659cef563b0e">
      <Execution id="8882ce89-c1b1-41fc-8c23-7b26e95a9986" />
      <TestMethod codeBase="C:\Users\User\Documents\GitHub\Cyber-behaviour-profiling\CyberProfiler.Tests\bin\Debug\net10.0-windows\CyberProfiler.Tests.dll" adapterTypeName="executor://xunit/VsTestRunner3/netcore/" className="DetectionLogicTests" name="ExfiltrationChain_DetectsMalicious" />
    </UnitTest>
    <UnitTest name="AnomalyDetectorTests.SteadyBaseline_NoAnomaly" storage="c:\users\user\documents\github\cyber-behaviour-profiling\cyberprofiler.tests\bin\debug\net10.0-windows\cyberprofiler.tests.dll" id="c5447609-bcfd-b196-0d31-73695dd2e728">
      <Execution id="dd7d2a08-9f26-4769-9ff4-a6c1325b7a22" />
      <TestMethod codeBase="C:\Users\User\Documents\GitHub\Cyber-behaviour-profiling\CyberProfiler.Tests\bin\Debug\net10.0-windows\CyberProfiler.Tests.dll" adapterTypeName="executor://xunit/VsTestRunner3/netcore/" className="AnomalyDetectorTests" name="SteadyBaseline_NoAnomaly" />
    </UnitTest>
    <UnitTest name="DetectionLogicTests.SuspiciousProbes_ScoreIncreasesCorrectly" storage="c:\users\user\documents\github\cyber-behaviour-profiling\cyberprofiler.tests\bin\debug\net10.0-windows\cyberprofiler.tests.dll" id="3dc4207a-1c73-df6b-8316-912d9a456352">
      <Execution id="535ad3a8-2a9e-4d79-aa4e-ef1731d24b31" />
      <TestMethod codeBase="C:\Users\User\Documents\GitHub\Cyber-behaviour-profiling\CyberProfiler.Tests\bin\Debug\net10.0-windows\CyberProfiler.Tests.dll" adapterTypeName="executor://xunit/VsTestRunner3/netcore/" className="DetectionLogicTests" name="SuspiciousProbes_ScoreIncreasesCorrectly" />
    </UnitTest>
    <UnitTest name="DetectionLogicTests.AntiForensicCleanup_DetectsSuspiciousOrMalicious" storage="c:\users\user\documents\github\cyber-behaviour-profiling\cyberprofiler.tests\bin\debug\net10.0-windows\cyberprofiler.tests.dll" id="a7209ecc-0d42-5b35-d5e9-8f4f2c8fd34d">
      <Execution id="0d5352af-fc92-4dd4-99a3-7b2a59c2998a" />
      <TestMethod codeBase="C:\Users\User\Documents\GitHub\Cyber-behaviour-profiling\CyberProfiler.Tests\bin\Debug\net10.0-windows\CyberProfiler.Tests.dll" adapterTypeName="executor://xunit/VsTestRunner3/netcore/" className="DetectionLogicTests" name="AntiForensicCleanup_DetectsSuspiciousOrMalicious" />
    </UnitTest>
  </TestDefinitions>
  <TestEntries>
    <TestEntry testId="6c948f4f-4367-a8ba-d027-a9dad3eabda3" executionId="437f0e29-3d8d-477a-95d5-d5db02b1bb72" testListId="8c84fa94-04c1-424b-9868-57a2d4851a1d" />
    <TestEntry testId="a7209ecc-0d42-5b35-d5e9-8f4f2c8fd34d" executionId="0d5352af-fc92-4dd4-99a3-7b2a59c2998a" testListId="8c84fa94-04c1-424b-9868-57a2d4851a1d" />
    <TestEntry testId="295a5b6a-558d-a2e4-9dfe-58d5358d1375" executionId="3c15624a-0a04-4a42-9b9d-079c5e27ecd4" testListId="8c84fa94-04c1-424b-9868-57a2d4851a1d" />
    <TestEntry testId="31afe222-06fb-135d-189b-659cef563b0e" executionId="8882ce89-c1b1-41fc-8c23-7b26e95a9986" testListId="8c84fa94-04c1-424b-9868-57a2d4851a1d" />
    <TestEntry testId="3dc4207a-1c73-df6b-8316-912d9a456352" executionId="535ad3a8-2a9e-4d79-aa4e-ef1731d24b31" testListId="8c84fa94-04c1-424b-9868-57a2d4851a1d" />
    <TestEntry testId="50dfea0f-bf6c-9595-32a0-d609b7e48568" executionId="62d780eb-500e-48e4-9fbd-bff00170a66a" testListId="8c84fa94-04c1-424b-9868-57a2d4851a1d" />
    <TestEntry testId="c5447609-bcfd-b196-0d31-73695dd2e728" executionId="dd7d2a08-9f26-4769-9ff4-a6c1325b7a22" testListId="8c84fa94-04c1-424b-9868-57a2d4851a1d" />
  </TestEntries>
  <TestLists>
    <TestList name="Results Not in a List" id="8c84fa94-04c1-424b-9868-57a2d4851a1d" />
    <TestList name="All Loaded Results" id="19431567-8539-422a-85d7-44ee4e166bda" />
  </TestLists>
  <ResultSummary outcome="Failed">
    <Counters total="7" executed="7" passed="3" failed="4" error="0" timeout="0" aborted="0" inconclusive="0" passedButRunAborted="0" notRunnable="0" notExecuted="0" disconnected="0" warning="0" completed="0" inProgress="0" pending="0" />
    <Output>
      <StdOut>[xUnit.net 00:00:00.00] xUnit.net VSTest Adapter v3.1.4+50e68bbb8b (64-bit .NET 10.0.3)&#xD;
[xUnit.net 00:00:00.05]   Discovering: CyberProfiler.Tests&#xD;
[xUnit.net 00:00:00.07]   Discovered:  CyberProfiler.Tests&#xD;
[xUnit.net 00:00:00.08]   Starting:    CyberProfiler.Tests&#xD;
[xUnit.net 00:00:00.13]       Assert.Contains() Failure: Filter not matched in collection&#xD;
[xUnit.net 00:00:00.13]       Collection: ["[VERDICT] dropper.exe (PID:1) → SAFE | Impact: Saf"···, "  [suppressed] Process Exited Before Analysis: Pro"···]&#xD;
[xUnit.net 00:00:00.13]       Stack Trace:&#xD;
[xUnit.net 00:00:00.13]         C:\Users\User\Documents\GitHub\Cyber-behaviour-profiling\CyberProfiler.Tests\BehaviorAnalyzerTests.cs(129,0): at DetectionLogicTests.AntiForensicCleanup_DetectsSuspiciousOrMalicious()&#xD;
[xUnit.net 00:00:00.13]            at System.Reflection.MethodBaseInvoker.InterpretedInvoke_Method(Object obj, IntPtr* args)&#xD;
[xUnit.net 00:00:00.13]            at System.Reflection.MethodBaseInvoker.InvokeWithNoArgs(Object obj, BindingFlags invokeAttr)&#xD;
[xUnit.net 00:00:00.14]       Assert.Contains() Failure: Filter not matched in collection&#xD;
[xUnit.net 00:00:00.14]       Collection: ["[VERDICT] testprocess.exe (PID:1) → SAFE | Impact:"···, "  [suppressed] Process Exited Before Analysis: Pro"···]&#xD;
[xUnit.net 00:00:00.14]       Stack Trace:&#xD;
[xUnit.net 00:00:00.14]         C:\Users\User\Documents\GitHub\Cyber-behaviour-profiling\CyberProfiler.Tests\BehaviorAnalyzerTests.cs(69,0): at DetectionLogicTests.CleanProcess_ReturnsSafeVerdict()&#xD;
[xUnit.net 00:00:00.14]            at System.Reflection.MethodBaseInvoker.InterpretedInvoke_Method(Object obj, IntPtr* args)&#xD;
[xUnit.net 00:00:00.14]            at System.Reflection.MethodBaseInvoker.InvokeWithNoArgs(Object obj, BindingFlags invokeAttr)&#xD;
[xUnit.net 00:00:00.14]       Assert.Equal() Failure: Values differ&#xD;
[xUnit.net 00:00:00.14]       Expected: Malicious&#xD;
[xUnit.net 00:00:00.14]       Actual:   Safe&#xD;
[xUnit.net 00:00:00.14]       Stack Trace:&#xD;
[xUnit.net 00:00:00.14]         C:\Users\User\Documents\GitHub\Cyber-behaviour-profiling\CyberProfiler.Tests\BehaviorAnalyzerTests.cs(110,0): at DetectionLogicTests.RansomwareActivity_DetectsHighSeverity()&#xD;
[xUnit.net 00:00:00.14]            at System.Reflection.MethodBaseInvoker.InterpretedInvoke_Method(Object obj, IntPtr* args)&#xD;
[xUnit.net 00:00:00.14]            at System.Reflection.MethodBaseInvoker.InvokeWithNoArgs(Object obj, BindingFlags invokeAttr)&#xD;
[xUnit.net 00:00:00.14]       Assert.True() Failure&#xD;
[xUnit.net 00:00:00.14]       Expected: True&#xD;
[xUnit.net 00:00:00.14]       Actual:   False&#xD;
[xUnit.net 00:00:00.14]       Stack Trace:&#xD;
[xUnit.net 00:00:00.14]         C:\Users\User\Documents\GitHub\Cyber-behaviour-profiling\CyberProfiler.Tests\BehaviorAnalyzerTests.cs(149,0): at DetectionLogicTests.SuspiciousProbes_ScoreIncreasesCorrectly()&#xD;
[xUnit.net 00:00:00.14]            at System.Reflection.MethodBaseInvoker.InterpretedInvoke_Method(Object obj, IntPtr* args)&#xD;
[xUnit.net 00:00:00.14]            at System.Reflection.MethodBaseInvoker.InvokeWithNoArgs(Object obj, BindingFlags invokeAttr)&#xD;
[xUnit.net 00:00:00.14]   Finished:    CyberProfiler.Tests&#xD;
</StdOut>
    </Output>
    <RunInfos>
      <RunInfo computerName="DESKTOP-N67JM2A" outcome="Error" timestamp="2026-04-05T01:28:01.3072089+01:00">
        <Text>[xUnit.net 00:00:00.13]     DetectionLogicTests.AntiForensicCleanup_DetectsSuspiciousOrMalicious [FAIL]</Text>
      </RunInfo>
      <RunInfo computerName="DESKTOP-N67JM2A" outcome="Error" timestamp="2026-04-05T01:28:01.3089695+01:00">
        <Text>[xUnit.net 00:00:00.14]     DetectionLogicTests.CleanProcess_ReturnsSafeVerdict [FAIL]</Text>
      </RunInfo>
      <RunInfo computerName="DESKTOP-N67JM2A" outcome="Error" timestamp="2026-04-05T01:28:01.3110974+01:00">
        <Text>[xUnit.net 00:00:00.14]     DetectionLogicTests.RansomwareActivity_DetectsHighSeverity [FAIL]</Text>
      </RunInfo>
      <RunInfo computerName="DESKTOP-N67JM2A" outcome="Error" timestamp="2026-04-05T01:28:01.3116244+01:00">
        <Text>[xUnit.net 00:00:00.14]     DetectionLogicTests.SuspiciousProbes_ScoreIncreasesCorrectly [FAIL]</Text>
      </RunInfo>
    </RunInfos>
  </ResultSummary>
</TestRun>